// Jest Snapshot v1, https://goo.gl/fbAQLP

exports[`Test for SuggestionInput renders correctly 1`] = `"<input/><div tabindex=\\"0\\" class=\\"dummy\\"></div>"`;
